
> my-v0-project@0.1.0 build
> next build

node.exe : [baseline-browser-mapping] The data in this 
module is over two months old.  To ensure accurate 
Baseline data, please update: `npm i 
baseline-browser-mapping@latest -D`
At C:\Program Files\nodejs\npm.ps1:29 char:3
+   & $NODE_EXE $NPM_CLI_JS $args
+   ~~~~~~~~~~~~~~~~~~~~~~~~~~~~~
    + CategoryInfo          : NotSpecified: ([baseline-b 
   rows...ping@latest -D`:String) [], RemoteException
    + FullyQualifiedErrorId : NativeCommandError
 
   Γû▓ Next.js 16.0.10 (Turbopack)
   - Environments: .env.local

   Creating an optimized production build ...
[baseline-browser-mapping] The data in this module is 
over two months old.  To ensure accurate Baseline data, 
please update: `npm i baseline-browser-mapping@latest -D`

> Build error occurred
Error: Turbopack build failed with 5 errors:
./app/master/branches/page.tsx:4:1
Module not found: Can't resolve 
'@/components/layout/dashboard-layout'
[0m [90m 2 |[39m
 [90m 3 |[39m [36mimport[39m 
[33mReact[39m[33m,[39m { useEffect[33m,[39m 
useState[33m,[39m useCallback } [36mfrom[39m 
[32m'react'[39m[33m;[39m
[31m[1m>[22m[39m[90m 4 |[39m [36mimport[39m { 
[33mDashboardLayout[39m } [36mfrom[39m [32m'@/compon
ents/layout/dashboard-layout'[39m[33m;[39m
 [90m   |[39m [31m[1m^[22m[39m[31m[1m^[22m[39m
[31m[1m^[22m[39m[31m[1m^[22m[39m[31m[1m^[22m[3
9m[31m[1m^[22m[39m[31m[1m^[22m[39m[31m[1m^[22m
[39m[31m[1m^[22m[39m[31m[1m^[22m[39m[31m[1m^[
22m[39m[31m[1m^[22m[39m[31m[1m^[22m[39m[31m[1m
^[22m[39m[31m[1m^[22m[39m[31m[1m^[22m[39m[31m
[1m^[22m[39m[31m[1m^[22m[39m[31m[1m^[22m[39m[3
1m[1m^[22m[39m[31m[1m^[22m[39m[31m[1m^[22m[39m
[31m[1m^[22m[39m[31m[1m^[22m[39m[31m[1m^[22m[
39m[31m[1m^[22m[39m[31m[1m^[22m[39m[31m[1m^[22
m[39m[31m[1m^[22m[39m[31m[1m^[22m[39m[31m[1m^
[22m[39m[31m[1m^[22m[39m[31m[1m^[22m[39m[31m[1
m^[22m[39m[31m[1m^[22m[39m[31m[1m^[22m[39m[31m
[1m^[22m[39m[31m[1m^[22m[39m[31m[1m^[22m[39m[
31m[1m^[22m[39m[31m[1m^[22m[39m[31m[1m^[22m[39
m[31m[1m^[22m[39m[31m[1m^[22m[39m[31m[1m^[22m
[39m[31m[1m^[22m[39m[31m[1m^[22m[39m[31m[1m^[2
2m[39m[31m[1m^[22m[39m[31m[1m^[22m[39m[31m[1m^
[22m[39m[31m[1m^[22m[39m[31m[1m^[22m[39m[31m[
1m^[22m[39m[31m[1m^[22m[39m[31m[1m^[22m[39m[31
m[1m^[22m[39m[31m[1m^[22m[39m[31m[1m^[22m[39m
[31m[1m^[22m[39m[31m[1m^[22m[39m[31m[1m^[22m[3
9m[31m[1m^[22m[39m[31m[1m^[22m[39m[31m[1m^[22m
[39m[31m[1m^[22m[39m[31m[1m^[22m[39m[31m[1m^[
22m[39m[31m[1m^[22m[39m[31m[1m^[22m[39m[31m[1m
^[22m[39m
 [90m 5 |[39m [36mimport[39m { 
[33mPlus[39m[33m,[39m [33mSearch[39m[33m,[39m 
[33mEdit2[39m[33m,[39m [33mTrash2[39m[33m,[39m 
[33mX[39m[33m,[39m [33mBuilding2[39m[33m,[39m 
[33mFilter[39m } [36mfrom[39m 
[32m'lucide-react'[39m[33m;[39m
 [90m 6 |[39m
 [90m 7 |[39m [36mconst[39m [33mAPI_BASE[39m 
[33m=[39m process[33m.[39menv[33m.[39m[33mNEXT_PUB
LIC_API_BASE_URL[39m [33m||[39m 
[32m'http://localhost:3001/api'[39m[33m;[39m[0m

Import map: aliased to relative 
'./components/layout/dashboard-layout' inside of 
[project]/


Import traces:
  Client Component Browser:
    ./app/master/branches/page.tsx [Client Component 
Browser]
    ./app/master/branches/page.tsx [Server Component]

  Client Component SSR:
    ./app/master/branches/page.tsx [Client Component SSR]
    ./app/master/branches/page.tsx [Server Component]

https://nextjs.org/docs/messages/module-not-found


./app/master/clients/page.tsx:4:1
Module not found: Can't resolve 
'@/components/layout/dashboard-layout'
[0m [90m 2 |[39m
 [90m 3 |[39m [36mimport[39m 
[33mReact[39m[33m,[39m { useEffect[33m,[39m 
useState[33m,[39m useCallback } [36mfrom[39m 
[32m'react'[39m[33m;[39m
[31m[1m>[22m[39m[90m 4 |[39m [36mimport[39m { 
[33mDashboardLayout[39m } [36mfrom[39m [32m'@/compon
ents/layout/dashboard-layout'[39m[33m;[39m
 [90m   |[39m [31m[1m^[22m[39m[31m[1m^[22m[39m
[31m[1m^[22m[39m[31m[1m^[22m[39m[31m[1m^[22m[3
9m[31m[1m^[22m[39m[31m[1m^[22m[39m[31m[1m^[22m
[39m[31m[1m^[22m[39m[31m[1m^[22m[39m[31m[1m^[
22m[39m[31m[1m^[22m[39m[31m[1m^[22m[39m[31m[1m
^[22m[39m[31m[1m^[22m[39m[31m[1m^[22m[39m[31m
[1m^[22m[39m[31m[1m^[22m[39m[31m[1m^[22m[39m[3
1m[1m^[22m[39m[31m[1m^[22m[39m[31m[1m^[22m[39m
[31m[1m^[22m[39m[31m[1m^[22m[39m[31m[1m^[22m[
39m[31m[1m^[22m[39m[31m[1m^[22m[39m[31m[1m^[22
m[39m[31m[1m^[22m[39m[31m[1m^[22m[39m[31m[1m^
[22m[39m[31m[1m^[22m[39m[31m[1m^[22m[39m[31m[1
m^[22m[39m[31m[1m^[22m[39m[31m[1m^[22m[39m[31m
[1m^[22m[39m[31m[1m^[22m[39m[31m[1m^[22m[39m[
31m[1m^[22m[39m[31m[1m^[22m[39m[31m[1m^[22m[39
m[31m[1m^[22m[39m[31m[1m^[22m[39m[31m[1m^[22m
[39m[31m[1m^[22m[39m[31m[1m^[22m[39m[31m[1m^[2
2m[39m[31m[1m^[22m[39m[31m[1m^[22m[39m[31m[1m^
[22m[39m[31m[1m^[22m[39m[31m[1m^[22m[39m[31m[
1m^[22m[39m[31m[1m^[22m[39m[31m[1m^[22m[39m[31
m[1m^[22m[39m[31m[1m^[22m[39m[31m[1m^[22m[39m
[31m[1m^[22m[39m[31m[1m^[22m[39m[31m[1m^[22m[3
9m[31m[1m^[22m[39m[31m[1m^[22m[39m[31m[1m^[22m
[39m[31m[1m^[22m[39m[31m[1m^[22m[39m[31m[1m^[
22m[39m[31m[1m^[22m[39m[31m[1m^[22m[39m[31m[1m
^[22m[39m
 [90m 5 |[39m [36mimport[39m { 
[33mPlus[39m[33m,[39m [33mSearch[39m[33m,[39m 
[33mEdit2[39m[33m,[39m [33mTrash2[39m[33m,[39m 
[33mX[39m[33m,[39m [33mUsers[39m[33m,[39m 
[33mFilter[39m[33m,[39m [33mCreditCard[39m } 
[36mfrom[39m [32m'lucide-react'[39m[33m;[39m
 [90m 6 |[39m
 [90m 7 |[39m [36mconst[39m [33mAPI_BASE[39m 
[33m=[39m process[33m.[39menv[33m.[39m[33mNEXT_PUB
LIC_API_BASE_URL[39m [33m||[39m 
[32m'http://localhost:3001/api'[39m[33m;[39m[0m

Import map: aliased to relative 
'./components/layout/dashboard-layout' inside of 
[project]/


Import traces:
  Client Component Browser:
    ./app/master/clients/page.tsx [Client Component 
Browser]
    ./app/master/clients/page.tsx [Server Component]

  Client Component SSR:
    ./app/master/clients/page.tsx [Client Component SSR]
    ./app/master/clients/page.tsx [Server Component]

https://nextjs.org/docs/messages/module-not-found


./app/master/employees/page.tsx:4:1
Module not found: Can't resolve 
'@/components/layout/dashboard-layout'
[0m [90m 2 |[39m
 [90m 3 |[39m [36mimport[39m 
[33mReact[39m[33m,[39m { useEffect[33m,[39m 
useState[33m,[39m useCallback } [36mfrom[39m 
[32m'react'[39m[33m;[39m
[31m[1m>[22m[39m[90m 4 |[39m [36mimport[39m { 
[33mDashboardLayout[39m } [36mfrom[39m [32m'@/compon
ents/layout/dashboard-layout'[39m[33m;[39m
 [90m   |[39m [31m[1m^[22m[39m[31m[1m^[22m[39m
[31m[1m^[22m[39m[31m[1m^[22m[39m[31m[1m^[22m[3
9m[31m[1m^[22m[39m[31m[1m^[22m[39m[31m[1m^[22m
[39m[31m[1m^[22m[39m[31m[1m^[22m[39m[31m[1m^[
22m[39m[31m[1m^[22m[39m[31m[1m^[22m[39m[31m[1m
^[22m[39m[31m[1m^[22m[39m[31m[1m^[22m[39m[31m
[1m^[22m[39m[31m[1m^[22m[39m[31m[1m^[22m[39m[3
1m[1m^[22m[39m[31m[1m^[22m[39m[31m[1m^[22m[39m
[31m[1m^[22m[39m[31m[1m^[22m[39m[31m[1m^[22m[
39m[31m[1m^[22m[39m[31m[1m^[22m[39m[31m[1m^[22
m[39m[31m[1m^[22m[39m[31m[1m^[22m[39m[31m[1m^
[22m[39m[31m[1m^[22m[39m[31m[1m^[22m[39m[31m[1
m^[22m[39m[31m[1m^[22m[39m[31m[1m^[22m[39m[31m
[1m^[22m[39m[31m[1m^[22m[39m[31m[1m^[22m[39m[
31m[1m^[22m[39m[31m[1m^[22m[39m[31m[1m^[22m[39
m[31m[1m^[22m[39m[31m[1m^[22m[39m[31m[1m^[22m
[39m[31m[1m^[22m[39m[31m[1m^[22m[39m[31m[1m^[2
2m[39m[31m[1m^[22m[39m[31m[1m^[22m[39m[31m[1m^
[22m[39m[31m[1m^[22m[39m[31m[1m^[22m[39m[31m[
1m^[22m[39m[31m[1m^[22m[39m[31m[1m^[22m[39m[31
m[1m^[22m[39m[31m[1m^[22m[39m[31m[1m^[22m[39m
[31m[1m^[22m[39m[31m[1m^[22m[39m[31m[1m^[22m[3
9m[31m[1m^[22m[39m[31m[1m^[22m[39m[31m[1m^[22m
[39m[31m[1m^[22m[39m[31m[1m^[22m[39m[31m[1m^[
22m[39m[31m[1m^[22m[39m[31m[1m^[22m[39m[31m[1m
^[22m[39m
 [90m 5 |[39m [36mimport[39m { 
[33mPlus[39m[33m,[39m [33mSearch[39m[33m,[39m 
[33mEdit2[39m[33m,[39m [33mTrash2[39m[33m,[39m 
[33mX[39m[33m,[39m [33mUserCog[39m[33m,[39m 
[33mFilter[39m } [36mfrom[39m 
[32m'lucide-react'[39m[33m;[39m
 [90m 6 |[39m
 [90m 7 |[39m [36mconst[39m [33mAPI_BASE[39m 
[33m=[39m process[33m.[39menv[33m.[39m[33mNEXT_PUB
LIC_API_BASE_URL[39m [33m||[39m 
[32m'http://localhost:3001/api'[39m[33m;[39m[0m

Import map: aliased to relative 
'./components/layout/dashboard-layout' inside of 
[project]/


Import traces:
  Client Component Browser:
    ./app/master/employees/page.tsx [Client Component 
Browser]
    ./app/master/employees/page.tsx [Server Component]

  Client Component SSR:
    ./app/master/employees/page.tsx [Client Component 
SSR]
    ./app/master/employees/page.tsx [Server Component]

https://nextjs.org/docs/messages/module-not-found


./app/master/organization/page.tsx:4:1
Module not found: Can't resolve 
'@/components/layout/dashboard-layout'
[0m [90m 2 |[39m
 [90m 3 |[39m [36mimport[39m 
[33mReact[39m[33m,[39m { useEffect[33m,[39m 
useState } [36mfrom[39m [32m'react'[39m[33m;[39m
[31m[1m>[22m[39m[90m 4 |[39m [36mimport[39m { 
[33mDashboardLayout[39m } [36mfrom[39m [32m'@/compon
ents/layout/dashboard-layout'[39m[33m;[39m
 [90m   |[39m [31m[1m^[22m[39m[31m[1m^[22m[39m
[31m[1m^[22m[39m[31m[1m^[22m[39m[31m[1m^[22m[3
9m[31m[1m^[22m[39m[31m[1m^[22m[39m[31m[1m^[22m
[39m[31m[1m^[22m[39m[31m[1m^[22m[39m[31m[1m^[
22m[39m[31m[1m^[22m[39m[31m[1m^[22m[39m[31m[1m
^[22m[39m[31m[1m^[22m[39m[31m[1m^[22m[39m[31m
[1m^[22m[39m[31m[1m^[22m[39m[31m[1m^[22m[39m[3
1m[1m^[22m[39m[31m[1m^[22m[39m[31m[1m^[22m[39m
[31m[1m^[22m[39m[31m[1m^[22m[39m[31m[1m^[22m[
39m[31m[1m^[22m[39m[31m[1m^[22m[39m[31m[1m^[22
m[39m[31m[1m^[22m[39m[31m[1m^[22m[39m[31m[1m^
[22m[39m[31m[1m^[22m[39m[31m[1m^[22m[39m[31m[1
m^[22m[39m[31m[1m^[22m[39m[31m[1m^[22m[39m[31m
[1m^[22m[39m[31m[1m^[22m[39m[31m[1m^[22m[39m[
31m[1m^[22m[39m[31m[1m^[22m[39m[31m[1m^[22m[39
m[31m[1m^[22m[39m[31m[1m^[22m[39m[31m[1m^[22m
[39m[31m[1m^[22m[39m[31m[1m^[22m[39m[31m[1m^[2
2m[39m[31m[1m^[22m[39m[31m[1m^[22m[39m[31m[1m^
[22m[39m[31m[1m^[22m[39m[31m[1m^[22m[39m[31m[
1m^[22m[39m[31m[1m^[22m[39m[31m[1m^[22m[39m[31
m[1m^[22m[39m[31m[1m^[22m[39m[31m[1m^[22m[39m
[31m[1m^[22m[39m[31m[1m^[22m[39m[31m[1m^[22m[3
9m[31m[1m^[22m[39m[31m[1m^[22m[39m[31m[1m^[22m
[39m[31m[1m^[22m[39m[31m[1m^[22m[39m[31m[1m^[
22m[39m[31m[1m^[22m[39m[31m[1m^[22m[39m[31m[1m
^[22m[39m
 [90m 5 |[39m [36mimport[39m { 
[33mSave[39m[33m,[39m [33mWarehouse[39m[33m,[39m 
[33mBuilding[39m } [36mfrom[39m 
[32m'lucide-react'[39m[33m;[39m
 [90m 6 |[39m
 [90m 7 |[39m [36mconst[39m [33mAPI_BASE[39m 
[33m=[39m process[33m.[39menv[33m.[39m[33mNEXT_PUB
LIC_API_BASE_URL[39m [33m||[39m 
[32m'http://localhost:3001/api'[39m[33m;[39m[0m

Import map: aliased to relative 
'./components/layout/dashboard-layout' inside of 
[project]/


Import traces:
  Client Component Browser:
    ./app/master/organization/page.tsx [Client Component 
Browser]
    ./app/master/organization/page.tsx [Server Component]

  Client Component SSR:
    ./app/master/organization/page.tsx [Client Component 
SSR]
    ./app/master/organization/page.tsx [Server Component]

https://nextjs.org/docs/messages/module-not-found


./app/master/service-types/page.tsx:4:1
Module not found: Can't resolve 
'@/components/layout/dashboard-layout'
[0m [90m 2 |[39m
 [90m 3 |[39m [36mimport[39m 
[33mReact[39m[33m,[39m { useEffect[33m,[39m 
useState[33m,[39m useCallback } [36mfrom[39m 
[32m'react'[39m[33m;[39m
[31m[1m>[22m[39m[90m 4 |[39m [36mimport[39m { 
[33mDashboardLayout[39m } [36mfrom[39m [32m'@/compon
ents/layout/dashboard-layout'[39m[33m;[39m
 [90m   |[39m [31m[1m^[22m[39m[31m[1m^[22m[39m
[31m[1m^[22m[39m[31m[1m^[22m[39m[31m[1m^[22m[3
9m[31m[1m^[22m[39m[31m[1m^[22m[39m[31m[1m^[22m
[39m[31m[1m^[22m[39m[31m[1m^[22m[39m[31m[1m^[
22m[39m[31m[1m^[22m[39m[31m[1m^[22m[39m[31m[1m
^[22m[39m[31m[1m^[22m[39m[31m[1m^[22m[39m[31m
[1m^[22m[39m[31m[1m^[22m[39m[31m[1m^[22m[39m[3
1m[1m^[22m[39m[31m[1m^[22m[39m[31m[1m^[22m[39m
[31m[1m^[22m[39m[31m[1m^[22m[39m[31m[1m^[22m[
39m[31m[1m^[22m[39m[31m[1m^[22m[39m[31m[1m^[22
m[39m[31m[1m^[22m[39m[31m[1m^[22m[39m[31m[1m^
[22m[39m[31m[1m^[22m[39m[31m[1m^[22m[39m[31m[1
m^[22m[39m[31m[1m^[22m[39m[31m[1m^[22m[39m[31m
[1m^[22m[39m[31m[1m^[22m[39m[31m[1m^[22m[39m[
31m[1m^[22m[39m[31m[1m^[22m[39m[31m[1m^[22m[39
m[31m[1m^[22m[39m[31m[1m^[22m[39m[31m[1m^[22m
[39m[31m[1m^[22m[39m[31m[1m^[22m[39m[31m[1m^[2
2m[39m[31m[1m^[22m[39m[31m[1m^[22m[39m[31m[1m^
[22m[39m[31m[1m^[22m[39m[31m[1m^[22m[39m[31m[
1m^[22m[39m[31m[1m^[22m[39m[31m[1m^[22m[39m[31
m[1m^[22m[39m[31m[1m^[22m[39m[31m[1m^[22m[39m
[31m[1m^[22m[39m[31m[1m^[22m[39m[31m[1m^[22m[3
9m[31m[1m^[22m[39m[31m[1m^[22m[39m[31m[1m^[22m
[39m[31m[1m^[22m[39m[31m[1m^[22m[39m[31m[1m^[
22m[39m[31m[1m^[22m[39m[31m[1m^[22m[39m[31m[1m
^[22m[39m
 [90m 5 |[39m [36mimport[39m { 
[33mPlus[39m[33m,[39m [33mSearch[39m[33m,[39m 
[33mEdit2[39m[33m,[39m [33mTrash2[39m[33m,[39m 
[33mX[39m[33m,[39m [33mGlobe[39m[33m,[39m 
[33mZap[39m[33m,[39m [33mClock[39m } 
[36mfrom[39m [32m'lucide-react'[39m[33m;[39m
 [90m 6 |[39m
 [90m 7 |[39m [36mconst[39m [33mAPI_BASE[39m 
[33m=[39m process[33m.[39menv[33m.[39m[33mNEXT_PUB
LIC_API_BASE_URL[39m [33m||[39m 
[32m'http://localhost:3001/api'[39m[33m;[39m[0m

Import map: aliased to relative 
'./components/layout/dashboard-layout' inside of 
[project]/


Import traces:
  Client Component Browser:
    ./app/master/service-types/page.tsx [Client 
Component Browser]
    ./app/master/service-types/page.tsx [Server 
Component]

  Client Component SSR:
    ./app/master/service-types/page.tsx [Client 
Component SSR]
    ./app/master/service-types/page.tsx [Server 
Component]

https://nextjs.org/docs/messages/module-not-found


    at <unknown> (./app/master/branches/page.tsx:4:1)
    at <unknown> 
(https://nextjs.org/docs/messages/module-not-found)
    at <unknown> (./app/master/clients/page.tsx:4:1)
    at <unknown> 
(https://nextjs.org/docs/messages/module-not-found)
    at <unknown> (./app/master/employees/page.tsx:4:1)
    at <unknown> 
(https://nextjs.org/docs/messages/module-not-found)
    at <unknown> (./app/master/organization/page.tsx:4:1)
    at <unknown> 
(https://nextjs.org/docs/messages/module-not-found)
    at <unknown> 
(./app/master/service-types/page.tsx:4:1)
    at <unknown> 
(https://nextjs.org/docs/messages/module-not-found)
